../Core/Src/as608.c:24:16:MYUSART_SendData	16	static
../Core/Src/as608.c:31:13:SendHead	8	static
../Core/Src/as608.c:38:13:SendAddr	8	static
../Core/Src/as608.c:46:13:SendFlag	16	static
../Core/Src/as608.c:51:13:SendLength	16	static
../Core/Src/as608.c:57:13:Sendcmd	16	static
../Core/Src/as608.c:62:13:SendCheck	16	static
../Core/Src/as608.c:74:16:AS608_Check	16	static
../Core/Src/as608.c:92:9:as608_init	8	static
../Core/Src/as608.c:104:17:JudgeStr	32	static
../Core/Src/as608.c:133:9:PS_GetImage	16	static
../Core/Src/as608.c:156:9:PS_GenChar	24	static
../Core/Src/as608.c:179:9:PS_Match	16	static
../Core/Src/as608.c:202:9:PS_Search	32	static
../Core/Src/as608.c:235:9:PS_RegModel	16	static
../Core/Src/as608.c:259:9:PS_StoreChar	24	static
../Core/Src/as608.c:286:9:PS_DeletChar	24	static
../Core/Src/as608.c:315:9:PS_Empty	16	static
../Core/Src/as608.c:338:9:PS_WriteReg	24	static
../Core/Src/as608.c:367:9:PS_ReadSysPara	24	static
../Core/Src/as608.c:406:9:PS_SetAddr	24	static
../Core/Src/as608.c:441:9:PS_WriteNotepad	24	static
../Core/Src/as608.c:470:9:PS_ReadNotepad	24	static
../Core/Src/as608.c:502:9:PS_HighSpeedSearch	32	static
../Core/Src/as608.c:536:9:PS_ValidTempleteNum	24	static
../Core/Src/as608.c:568:9:PS_HandShake	16	static
../Core/Src/as608.c:596:13:EnsureMessage	24	static
../Core/Src/as608.c:676:6:ShowErrMessage	56	static
../Core/Src/as608.c:698:6:Add_FR	16	static
../Core/Src/as608.c:844:6:Del_FR_Lib	16	static
../Core/Src/as608.c:864:10:Get_MaxFingerprintID	24	static
../Core/Src/as608.c:888:6:Record_FR	56	static
../Core/Src/as608.c:1040:5:verify_FR	48	static
../Core/Src/as608.c:1086:6:Del_FR	48	static
